{
    "id": 1,
    "name": "Erison",
    "company": {
        "name": "Fake company",
        "address": "r. github n 127.0.0.1"
    }
}
